============================= test session starts =============================
platform win32 -- Python 3.14.3, pytest-7.4.2, pluggy-1.6.0
rootdir: F:\Food Donation Platform\backend
plugins: anyio-3.7.1
collected 0 items / 1 error

=================================== ERRORS ====================================
______________________ ERROR collecting tests/test_ai.py ______________________
ImportError while importing test module 'f:\Food Donation Platform\backend\tests\test_ai.py'.
Hint: make sure your test modules/packages have valid Python names.
Traceback:
C:\Users\Admin\AppData\Local\Python\pythoncore-3.14-64\Lib\importlib\__init__.py:88: in import_module
    return _bootstrap._gcd_import(name[level:], package, level)
tests\test_ai.py:2: in <module>
    from fastapi.testclient import TestClient
.venv\Lib\site-packages\fastapi\testclient.py:1: in <module>
    from starlette.testclient import TestClient as TestClient  # noqa
.venv\Lib\site-packages\starlette\testclient.py:16: in <module>
    import httpx
E   ModuleNotFoundError: No module named 'httpx'
=========================== short test summary info ===========================
ERROR tests/test_ai.py
!!!!!!!!!!!!!!!!!!! Interrupted: 1 error during collection !!!!!!!!!!!!!!!!!!!!
============================== 1 error in 0.41s ===============================
